This is commands to push repositories to remote Git server

python_class[master] $ git remote add origin https://github.com/sirericus17/pyth                                                                                              on_code.git
python_class[master] $ ll
total 0
-rw-rw-r--. 1 cloud_user cloud_user 0 Apr 22 03:26 hello.py
python_class[master] $
python_class[master] $
python_class[master] $ vim world
python_class[master ?] $
python_class[master ?] $
python_class[master ?] $ git status
# On branch master
# Untracked files:
#   (use "git add <file>..." to include in what will be committed)
#
#       world
nothing added to commit but untracked files present (use "git add" to track)
python_class[master ?] $
python_class[master ?] $
python_class[master ?] $ git commit -a -m "created word file"
# On branch master
# Untracked files:
#   (use "git add <file>..." to include in what will be committed)
#
#       world
nothing added to commit but untracked files present (use "git add" to track)
python_class[master ?] $ git status
# On branch master
# Untracked files:
#   (use "git add <file>..." to include in what will be committed)
#
#       world
nothing added to commit but untracked files present (use "git add" to track)
python_class[master ?] $
python_class[master ?] $
python_class[master ?] $ git add .
python_class[master +] $ git status
# On branch master
# Changes to be committed:
#   (use "git reset HEAD <file>..." to unstage)
#
#       new file:   world
#
python_class[master +] $ git commit -a -m "created word file"
[master d781bac] created word file
 1 file changed, 1 insertion(+)
  create mode 100644 world
  python_class[master] $ git status
  # On branch master
  nothing to commit, working directory clean
  python_class[master] $
  python_class[master] $
  python_class[master] $
  python_class[master] $
  python_class[master] $
  python_class[master] $ git push -u origin master
  Username for 'https://github.com': sirericus17@gmail.com
  Password for 'https://sirericus17@gmail.com@github.com':
  Counting objects: 6, done.
  Delta compression using up to 2 threads.
  Compressing objects: 100% (3/3), done.
  Writing objects: 100% (6/6), 496 bytes | 0 bytes/s, done.
  Total 6 (delta 0), reused 0 (delta 0)
  To https://github.com/sirericus17/python_code.git
   * [new branch]      master -> master
   Branch master set up to track remote branch master from origin.
   python_class[master] $
   python_class[master] $
   python_class[master] $
   python_class[master] $


   The -u tells Git to remember the parameters, so that next time we can simply run "git push" and Git will know what to do.
